grange(1, 3, 30)
4
1 3 9 27 81 243
1 3 9 27
2 6
2 18
