grange(2, 2, 20)
4
2 4 8 16 32 64
2 4 8 16
2 4 8
2 8
