grange(1, 3, 1)
0
Empty
1 3 9 27 81 243

2 6
2 18 162
