10 1 0 4 3 3 2 1 10 8 1 0 4 3 3 2 1 10 8 1 0 4 3 3 2 1 10 8 1 9 4 3 3 2 1 10 8 1 9 6 3 3 2 1 10 8 1 9 6 0 3 2 1 10 8 1 9 6 0 0 2 1 10 8 1 9 6 0 0 1 1 10 8 1 9 6 0 0 1 3 10 8 1 9 6 0 0 1 3 3 8 1 9 6 0 0 1 3 3 8
