__init__: (2, 3), {}
perf: (), {}
5
perf: (), {'op': '+'}
5
perf: (), {'op': '-'}
-1
perf: (), {'op': '*'}
None
